<html>
<body>
<pre>
<h1>µVision Build Log</h1>
<h2>Tool Versions:</h2>
IDE-Version: µVision V5.31.0.0
Copyright (C) 2020 ARM Ltd and ARM Germany GmbH. All rights reserved.
License Information: run run, run, LIC=----
 
Tool Versions:
Toolchain:       MDK-Lite  Version: 5.31.0.0
Toolchain Path:  C:\Keil_v5\ARM\ARMCC\Bin
C Compiler:      Armcc.exe V5.06 update 6 (build 750)
Assembler:       Armasm.exe V5.06 update 6 (build 750)
Linker/Locator:  ArmLink.exe V5.06 update 6 (build 750)
Library Manager: ArmAr.exe V5.06 update 6 (build 750)
Hex Converter:   FromElf.exe V5.06 update 6 (build 750)
CPU DLL:         SARMCM3.DLL V5.31.0.0
Dialog DLL:      DCM.DLL V1.17.3.0
Target DLL:      STLink\ST-LINKIII-KEIL_SWO.dll V3.0.7.0
Dialog DLL:      TCM.DLL V1.46.0.0
 
<h2>Project:</h2>
D:\Servo\BTcongdiem\StepperMotor\MDK-ARM\StepperMotor.uvprojx
Project File Date:  12/04/2023

<h2>Output:</h2>
*** Using Compiler 'V5.06 update 6 (build 750)', folder: 'C:\Keil_v5\ARM\ARMCC\Bin'
Build target 'StepperMotor'
compiling main.c...
../Core/Src/main.c(73): warning:  #188-D: enumerated type mixed with another type
  	HAL_GPIO_WritePin(IN1_GPIO_Port, IN1_Pin, 1);
../Core/Src/main.c(74): warning:  #188-D: enumerated type mixed with another type
  	HAL_GPIO_WritePin(IN2_GPIO_Port, IN2_Pin, 0);
../Core/Src/main.c(75): warning:  #188-D: enumerated type mixed with another type
  	HAL_GPIO_WritePin(IN3_GPIO_Port, IN3_Pin, 1);
../Core/Src/main.c(76): warning:  #188-D: enumerated type mixed with another type
  	HAL_GPIO_WritePin(IN4_GPIO_Port, IN4_Pin, 0);
../Core/Src/main.c(79): warning:  #188-D: enumerated type mixed with another type
  	HAL_GPIO_WritePin(IN1_GPIO_Port, IN1_Pin, 0);
../Core/Src/main.c(80): warning:  #188-D: enumerated type mixed with another type
  	HAL_GPIO_WritePin(IN2_GPIO_Port, IN2_Pin, 1);
../Core/Src/main.c(81): warning:  #188-D: enumerated type mixed with another type
  	HAL_GPIO_WritePin(IN3_GPIO_Port, IN3_Pin, 1);
../Core/Src/main.c(82): warning:  #188-D: enumerated type mixed with another type
  	HAL_GPIO_WritePin(IN4_GPIO_Port, IN4_Pin, 0);
../Core/Src/main.c(85): warning:  #188-D: enumerated type mixed with another type
  	HAL_GPIO_WritePin(IN1_GPIO_Port, IN1_Pin, 0);
../Core/Src/main.c(86): warning:  #188-D: enumerated type mixed with another type
  	HAL_GPIO_WritePin(IN2_GPIO_Port, IN2_Pin, 1);
../Core/Src/main.c(87): warning:  #188-D: enumerated type mixed with another type
  	HAL_GPIO_WritePin(IN3_GPIO_Port, IN3_Pin, 0);
../Core/Src/main.c(88): warning:  #188-D: enumerated type mixed with another type
  	HAL_GPIO_WritePin(IN4_GPIO_Port, IN4_Pin, 1);
../Core/Src/main.c(91): warning:  #188-D: enumerated type mixed with another type
  	HAL_GPIO_WritePin(IN1_GPIO_Port, IN1_Pin, 1);
../Core/Src/main.c(92): warning:  #188-D: enumerated type mixed with another type
  	HAL_GPIO_WritePin(IN2_GPIO_Port, IN2_Pin, 0);
../Core/Src/main.c(93): warning:  #188-D: enumerated type mixed with another type
  	HAL_GPIO_WritePin(IN3_GPIO_Port, IN3_Pin, 0);
../Core/Src/main.c(94): warning:  #188-D: enumerated type mixed with another type
  	HAL_GPIO_WritePin(IN4_GPIO_Port, IN4_Pin, 1);
../Core/Src/main.c(97): warning:  #188-D: enumerated type mixed with another type
  	HAL_GPIO_WritePin(IN1_GPIO_Port, IN1_Pin, 1);
../Core/Src/main.c(98): warning:  #188-D: enumerated type mixed with another type
  	HAL_GPIO_WritePin(IN2_GPIO_Port, IN2_Pin, 0);
../Core/Src/main.c(99): warning:  #188-D: enumerated type mixed with another type
  	HAL_GPIO_WritePin(IN3_GPIO_Port, IN3_Pin, 0);
../Core/Src/main.c(100): warning:  #188-D: enumerated type mixed with another type
  	HAL_GPIO_WritePin(IN4_GPIO_Port, IN4_Pin, 1);
../Core/Src/main.c(103): warning:  #188-D: enumerated type mixed with another type
  	HAL_GPIO_WritePin(IN1_GPIO_Port, IN1_Pin, 0);
../Core/Src/main.c(104): warning:  #188-D: enumerated type mixed with another type
  	HAL_GPIO_WritePin(IN2_GPIO_Port, IN2_Pin, 1);
../Core/Src/main.c(105): warning:  #188-D: enumerated type mixed with another type
  	HAL_GPIO_WritePin(IN3_GPIO_Port, IN3_Pin, 0);
../Core/Src/main.c(106): warning:  #188-D: enumerated type mixed with another type
  	HAL_GPIO_WritePin(IN4_GPIO_Port, IN4_Pin, 1);
../Core/Src/main.c(109): warning:  #188-D: enumerated type mixed with another type
  	HAL_GPIO_WritePin(IN1_GPIO_Port, IN1_Pin, 0);
../Core/Src/main.c(110): warning:  #188-D: enumerated type mixed with another type
  	HAL_GPIO_WritePin(IN2_GPIO_Port, IN2_Pin, 1);
../Core/Src/main.c(111): warning:  #188-D: enumerated type mixed with another type
  	HAL_GPIO_WritePin(IN3_GPIO_Port, IN3_Pin, 1);
../Core/Src/main.c(112): warning:  #188-D: enumerated type mixed with another type
  	HAL_GPIO_WritePin(IN4_GPIO_Port, IN4_Pin, 0);
../Core/Src/main.c(115): warning:  #188-D: enumerated type mixed with another type
  	HAL_GPIO_WritePin(IN1_GPIO_Port, IN1_Pin, 1);
../Core/Src/main.c(116): warning:  #188-D: enumerated type mixed with another type
  	HAL_GPIO_WritePin(IN2_GPIO_Port, IN2_Pin, 0);
../Core/Src/main.c(117): warning:  #188-D: enumerated type mixed with another type
  	HAL_GPIO_WritePin(IN3_GPIO_Port, IN3_Pin, 1);
../Core/Src/main.c(118): warning:  #188-D: enumerated type mixed with another type
  	HAL_GPIO_WritePin(IN4_GPIO_Port, IN4_Pin, 0);
../Core/Src/main.c: 32 warnings, 0 errors
linking...
Program Size: Code=6524 RO-data=304 RW-data=536 ZI-data=1776  
FromELF: creating hex file...
"StepperMotor\StepperMotor.axf" - 0 Error(s), 32 Warning(s).

<h2>Software Packages used:</h2>

Package Vendor: ARM
                http://www.keil.com/pack/ARM.CMSIS.5.7.0.pack
                ARM.CMSIS.5.7.0
                CMSIS (Cortex Microcontroller Software Interface Standard)
   * Component: CORE Version: 5.4.0

Package Vendor: Keil
                http://www.keil.com/pack/Keil.STM32F1xx_DFP.2.3.0.pack
                Keil.STM32F1xx_DFP.2.3.0
                STMicroelectronics STM32F1 Series Device Support, Drivers and Examples

<h2>Collection of Component include folders:</h2>
  .\RTE\_StepperMotor
  C:\Users\MrCuo\AppData\Local\Arm\Packs\ARM\CMSIS\5.7.0\CMSIS\Core\Include
  C:\Users\MrCuo\AppData\Local\Arm\Packs\Keil\STM32F1xx_DFP\2.3.0\Device\Include

<h2>Collection of Component Files used:</h2>

   * Component: ARM::CMSIS:CORE:5.4.0
      Include file:  CMSIS\Core\Include\tz_context.h
Build Time Elapsed:  00:00:02
</pre>
</body>
</html>
