<html>
<body>
<pre>
<h1>µVision Build Log</h1>
<h2>Tool Versions:</h2>
IDE-Version: µVision V5.31.0.0
Copyright (C) 2020 ARM Ltd and ARM Germany GmbH. All rights reserved.
License Information: hi hi, hi, LIC=HN0AE-5XB9X-Y85FK-ZYSB9-RS74K-NMYBQ
 
Tool Versions:
Toolchain:       MDK-ARM Plus  Version: 5.31.0.0
Toolchain Path:  C:\Keil_v5\ARM\ARMCC\Bin
C Compiler:      Armcc.exe V5.06 update 6 (build 750)
Assembler:       Armasm.exe V5.06 update 6 (build 750)
Linker/Locator:  ArmLink.exe V5.06 update 6 (build 750)
Library Manager: ArmAr.exe V5.06 update 6 (build 750)
Hex Converter:   FromElf.exe V5.06 update 6 (build 750)
CPU DLL:         SARMCM3.DLL V5.31.0.0
Dialog DLL:      DCM.DLL V1.17.3.0
Target DLL:      STLink\ST-LINKIII-KEIL_SWO.dll V3.0.7.0
Dialog DLL:      TCM.DLL V1.46.0.0
 
<h2>Project:</h2>
D:\Nam3\hk2\IOT\B_tap\Bai3_2\slave_f103\MDK-ARM\slave_f103.uvprojx
Project File Date:  05/04/2024

<h2>Output:</h2>
*** Using Compiler 'V5.06 update 6 (build 750)', folder: 'C:\Keil_v5\ARM\ARMCC\Bin'
Build target 'slave_f103'
compiling main.c...
../Core/Src/main.c(131): warning:  #188-D: enumerated type mixed with another type
  	HAL_GPIO_WritePin(GPIOB, GPIO_PIN_0, 1);
../Core/Src/main.c(132): warning:  #188-D: enumerated type mixed with another type
  	HAL_GPIO_WritePin(GPIOB, GPIO_PIN_1, 1);
../Core/Src/main.c(330): warning:  #188-D: enumerated type mixed with another type
  							HAL_GPIO_WritePin(GPIOB, GPIO_PIN_0, 0);
../Core/Src/main.c(333): warning:  #188-D: enumerated type mixed with another type
  							HAL_GPIO_WritePin(GPIOB, GPIO_PIN_0, 1);
../Core/Src/main.c(336): warning:  #188-D: enumerated type mixed with another type
  							HAL_GPIO_WritePin(GPIOB, GPIO_PIN_1, 0);
../Core/Src/main.c(339): warning:  #188-D: enumerated type mixed with another type
  							HAL_GPIO_WritePin(GPIOB, GPIO_PIN_1, 1);
../Core/Src/main.c: 6 warnings, 0 errors
linking...
Program Size: Code=5880 RO-data=312 RW-data=532 ZI-data=1964  
FromELF: creating hex file...
"slave_f103\slave_f103.axf" - 0 Error(s), 6 Warning(s).

<h2>Software Packages used:</h2>

Package Vendor: ARM
                http://www.keil.com/pack/ARM.CMSIS.5.9.0.pack
                ARM.CMSIS.5.9.0
                CMSIS (Common Microcontroller Software Interface Standard)
   * Component: CORE Version: 5.6.0

Package Vendor: Keil
                https://www.keil.com/pack/Keil.STM32F1xx_DFP.2.4.1.pack
                Keil.STM32F1xx_DFP.2.4.1
                STMicroelectronics STM32F1 Series Device Support, Drivers and Examples

<h2>Collection of Component include folders:</h2>
  .\RTE\_slave_f103
  C:\Users\MrCuo\AppData\Local\Arm\Packs\ARM\CMSIS\5.9.0\CMSIS\Core\Include
  C:\Users\MrCuo\AppData\Local\Arm\Packs\Keil\STM32F1xx_DFP\2.4.1\Device\Include

<h2>Collection of Component Files used:</h2>

   * Component: ARM::CMSIS:CORE:5.6.0
      Include file:  CMSIS\Core\Include\tz_context.h
Build Time Elapsed:  00:00:02
</pre>
</body>
</html>
